[10:34:43] [INIT] KubeJS 2101.7.1-build.181; MC 2101 NeoForge
[10:34:43] [INIT] Loaded plugins:
[10:34:43] [INIT] - dev.latvian.mods.kubejs.BuiltinKubeJSPlugin
[10:34:43] [INIT] - dev.latvian.mods.kubejs.integration.architectury.ArchitecturyIntegration
[10:34:43] [INIT] - com.klikli_dev.theurgykubejs.kubejs.TheurgyKubeJSPlugin
[10:34:43] [INIT] - es.degrassi.mmreborn.common.integration.kubejs.MMRKubeJSPlugin
[10:34:43] [INIT] - es.degrassi.mmreborn.mekanism.common.integration.kubejs.MMRKubeJSPlugin
[10:34:43] [INIT] - dev.ftb.mods.ftbxmodcompat.neoforge.ftbquests.kubejs.FTBQuestsKubeJSPlugin
[10:34:43] [INIT] - dev.ftb.mods.ftbxmodcompat.neoforge.ftbchunks.kubejs.FTBChunksKubeJSPlugin
[10:34:43] [INIT] - dev.ftb.mods.ftbxmodcompat.neoforge.ftbteams.kubejs.FTBTeamsKubeJSPlugin
[10:34:43] [INIT] - dev.ftb.mods.ftbxmodcompat.neoforge.ftbfiltersystem.kubejs.FFSKubeJSPlugin
[10:34:43] [INIT] - com.klikli_dev.occultism_kubejs.KubeJSOccultismPlugin
[10:34:43] [INIT] - com.glodblock.github.extendedae.xmod.kjs.KJSPlugin
[10:34:43] [INIT] - aztech.modern_industrialization.compat.kubejs.MIKubeJSPlugin
[10:34:45] [INFO] Loaded script startup_scripts:Potionsmaster/potionsmaster.js in 0.153 s
[10:34:45] [INFO] Loaded script startup_scripts:Applied Energistics/Universal_Press.js in 0.001 s
[10:34:45] [INFO] startup_scripts:CustomAdditions.js#4: Loaded Java class 'net.minecraft.core.registries.BuiltInRegistries'
[10:34:45] [INFO] Loaded script startup_scripts:CustomAdditions.js in 0.016 s
[10:34:45] [INFO] Loaded script startup_scripts:ExtendedAE/InfinityCells.js in 0.005 s
[10:34:45] [INFO] Loaded script startup_scripts:Farmer's Delight/Compatibility.js in 0.008 s
[10:34:45] [INFO] startup_scripts:hyperbox/hyperbox.js#1: Loaded Java class 'net.neoforged.neoforge.event.entity.player.PlayerEvent$PlayerChangedDimensionEvent'
[10:34:45] [INFO] Loaded script startup_scripts:hyperbox/hyperbox.js in 0.041 s
[10:34:45] [INFO] startup_scripts:Mekanism/Compatibility.js#18: Loaded Java class 'mekanism.api.chemical.Chemical'
[10:34:45] [INFO] startup_scripts:Mekanism/Compatibility.js#19: Loaded Java class 'mekanism.api.chemical.ChemicalBuilder'
[10:34:45] [INFO] Loaded script startup_scripts:Mekanism/Compatibility.js in 0.051 s
[10:34:45] [INFO] Loaded script startup_scripts:Modern-Industrialization/atm_stuff.js in 0.002 s
[10:34:45] [INFO] startup_scripts:Shrink/polylib_fix.js#1: Loaded Java class 'net.creeperhost.polylib.init.DataComps'
[10:34:45] [INFO] Loaded script startup_scripts:Shrink/polylib_fix.js in 0.002 s
[10:34:45] [INFO] Loaded script startup_scripts:Theurgy/SulfurAdditions.js in 0.002 s
[10:34:45] [INFO] Loaded script startup_scripts:Xycraft/Compatibility.js in 0.001 s
[10:34:45] [INFO] Loaded 11/11 KubeJS startup scripts in 1.694 s with 0 errors and 0 warnings
