[21abr.2025 09:16:24.510] [Server thread/INFO] [net.minecraft.server.network.ServerGamePacketListenerImpl/]: Ryanns19 lost connection: Disconnected
[21abr.2025 09:16:24.513] [Server thread/INFO] [net.minecraft.server.MinecraftServer/]: Ryanns19 left the game
[21abr.2025 09:16:29.674] [Server thread/WARN] [net.minecraft.server.MinecraftServer/]: Can't keep up! Is the server overloaded? Running 58664696ms or 1173293 ticks behind
[21abr.2025 09:16:38.979] [Server thread/INFO] [net.minecraft.server.MinecraftServer/]: Saving the game (this may take a moment!)
[21abr.2025 09:16:39.477] [Server thread/INFO] [net.minecraft.server.MinecraftServer/]: Saved the game
[21abr.2025 09:24:54.100] [Server thread/WARN] [net.minecraft.server.MinecraftServer/]: Can't keep up! Is the server overloaded? Running 2072ms or 41 ticks behind
[21abr.2025 09:34:56.091] [Server thread/WARN] [net.minecraft.server.MinecraftServer/]: Can't keep up! Is the server overloaded? Running 2013ms or 40 ticks behind
[21abr.2025 09:39:58.151] [Server thread/WARN] [net.minecraft.server.MinecraftServer/]: Can't keep up! Is the server overloaded? Running 2073ms or 41 ticks behind
[21abr.2025 09:45:00.168] [Server thread/WARN] [net.minecraft.server.MinecraftServer/]: Can't keep up! Is the server overloaded? Running 2040ms or 40 ticks behind
[21abr.2025 09:50:02.212] [Server thread/WARN] [net.minecraft.server.MinecraftServer/]: Can't keep up! Is the server overloaded? Running 2083ms or 41 ticks behind
[21abr.2025 09:55:04.269] [Server thread/WARN] [net.minecraft.server.MinecraftServer/]: Can't keep up! Is the server overloaded? Running 2091ms or 41 ticks behind
[21abr.2025 10:00:08.016] [Server thread/WARN] [net.minecraft.server.MinecraftServer/]: Can't keep up! Is the server overloaded? Running 3787ms or 75 ticks behind
[21abr.2025 10:05:10.020] [Server thread/WARN] [net.minecraft.server.MinecraftServer/]: Can't keep up! Is the server overloaded? Running 2042ms or 40 ticks behind
[21abr.2025 10:10:13.814] [Server thread/WARN] [net.minecraft.server.MinecraftServer/]: Can't keep up! Is the server overloaded? Running 3837ms or 76 ticks behind
[21abr.2025 10:15:15.853] [Server thread/WARN] [net.minecraft.server.MinecraftServer/]: Can't keep up! Is the server overloaded? Running 2075ms or 41 ticks behind
[21abr.2025 10:20:17.910] [Server thread/WARN] [net.minecraft.server.MinecraftServer/]: Can't keep up! Is the server overloaded? Running 2082ms or 41 ticks behind
[21abr.2025 10:25:19.962] [Server thread/WARN] [net.minecraft.server.MinecraftServer/]: Can't keep up! Is the server overloaded? Running 2083ms or 41 ticks behind
[21abr.2025 10:30:22.009] [Server thread/WARN] [net.minecraft.server.MinecraftServer/]: Can't keep up! Is the server overloaded? Running 2081ms or 41 ticks behind
[21abr.2025 10:35:24.014] [Server thread/WARN] [net.minecraft.server.MinecraftServer/]: Can't keep up! Is the server overloaded? Running 2036ms or 40 ticks behind
[21abr.2025 10:40:26.063] [Server thread/WARN] [net.minecraft.server.MinecraftServer/]: Can't keep up! Is the server overloaded? Running 2086ms or 41 ticks behind
[21abr.2025 10:45:28.081] [Server thread/WARN] [net.minecraft.server.MinecraftServer/]: Can't keep up! Is the server overloaded? Running 2053ms or 41 ticks behind
[21abr.2025 10:50:30.170] [Server thread/WARN] [net.minecraft.server.MinecraftServer/]: Can't keep up! Is the server overloaded? Running 2091ms or 41 ticks behind
[21abr.2025 10:55:32.231] [Server thread/WARN] [net.minecraft.server.MinecraftServer/]: Can't keep up! Is the server overloaded? Running 2103ms or 42 ticks behind
[21abr.2025 11:00:34.351] [Server thread/WARN] [net.minecraft.server.MinecraftServer/]: Can't keep up! Is the server overloaded? Running 2123ms or 42 ticks behind
[21abr.2025 11:05:38.077] [Server thread/WARN] [net.minecraft.server.MinecraftServer/]: Can't keep up! Is the server overloaded? Running 3749ms or 74 ticks behind
[21abr.2025 11:10:40.045] [Server thread/WARN] [net.minecraft.server.MinecraftServer/]: Can't keep up! Is the server overloaded? Running 2017ms or 40 ticks behind
[21abr.2025 11:15:42.180] [Server thread/WARN] [net.minecraft.server.MinecraftServer/]: Can't keep up! Is the server overloaded? Running 2152ms or 43 ticks behind
[21abr.2025 11:20:44.288] [Server thread/WARN] [net.minecraft.server.MinecraftServer/]: Can't keep up! Is the server overloaded? Running 2109ms or 42 ticks behind
[21abr.2025 11:25:46.398] [Server thread/WARN] [net.minecraft.server.MinecraftServer/]: Can't keep up! Is the server overloaded? Running 2120ms or 42 ticks behind
[21abr.2025 11:30:48.442] [Server thread/WARN] [net.minecraft.server.MinecraftServer/]: Can't keep up! Is the server overloaded? Running 2064ms or 41 ticks behind
[21abr.2025 11:35:50.513] [Server thread/WARN] [net.minecraft.server.MinecraftServer/]: Can't keep up! Is the server overloaded? Running 2085ms or 41 ticks behind
[21abr.2025 11:40:52.574] [Server thread/WARN] [net.minecraft.server.MinecraftServer/]: Can't keep up! Is the server overloaded? Running 2097ms or 41 ticks behind
[21abr.2025 11:45:54.602] [Server thread/WARN] [net.minecraft.server.MinecraftServer/]: Can't keep up! Is the server overloaded? Running 2074ms or 41 ticks behind
[21abr.2025 11:50:56.618] [Server thread/WARN] [net.minecraft.server.MinecraftServer/]: Can't keep up! Is the server overloaded? Running 2040ms or 40 ticks behind
[21abr.2025 11:55:58.647] [Server thread/WARN] [net.minecraft.server.MinecraftServer/]: Can't keep up! Is the server overloaded? Running 2069ms or 41 ticks behind
[21abr.2025 12:01:02.381] [Server thread/WARN] [net.minecraft.server.MinecraftServer/]: Can't keep up! Is the server overloaded? Running 3754ms or 75 ticks behind
[21abr.2025 16:47:01.500] [Server thread/WARN] [net.minecraft.server.MinecraftServer/]: Can't keep up! Is the server overloaded? Running 17114461ms or 342289 ticks behind
[21abr.2025 16:51:21.647] [Server thread/WARN] [net.minecraft.server.MinecraftServer/]: Can't keep up! Is the server overloaded? Running 3754ms or 75 ticks behind
[21abr.2025 16:56:23.670] [Server thread/WARN] [net.minecraft.server.MinecraftServer/]: Can't keep up! Is the server overloaded? Running 2028ms or 40 ticks behind
[21abr.2025 17:01:25.720] [Server thread/WARN] [net.minecraft.server.MinecraftServer/]: Can't keep up! Is the server overloaded? Running 2078ms or 41 ticks behind
[21abr.2025 17:06:29.554] [Server thread/WARN] [net.minecraft.server.MinecraftServer/]: Can't keep up! Is the server overloaded? Running 3863ms or 77 ticks behind
[21abr.2025 17:11:31.636] [Server thread/WARN] [net.minecraft.server.MinecraftServer/]: Can't keep up! Is the server overloaded? Running 2093ms or 41 ticks behind
[21abr.2025 17:16:35.378] [Server thread/WARN] [net.minecraft.server.MinecraftServer/]: Can't keep up! Is the server overloaded? Running 3786ms or 75 ticks behind
[21abr.2025 17:26:39.128] [Server thread/WARN] [net.minecraft.server.MinecraftServer/]: Can't keep up! Is the server overloaded? Running 3785ms or 75 ticks behind
[21abr.2025 17:31:41.151] [Server thread/WARN] [net.minecraft.server.MinecraftServer/]: Can't keep up! Is the server overloaded? Running 2058ms or 41 ticks behind
[21abr.2025 17:41:43.202] [Server thread/WARN] [net.minecraft.server.MinecraftServer/]: Can't keep up! Is the server overloaded? Running 2058ms or 41 ticks behind
[21abr.2025 17:46:45.246] [Server thread/WARN] [net.minecraft.server.MinecraftServer/]: Can't keep up! Is the server overloaded? Running 2053ms or 41 ticks behind
[21abr.2025 17:56:47.560] [Server thread/WARN] [net.minecraft.server.MinecraftServer/]: Can't keep up! Is the server overloaded? Running 2317ms or 46 ticks behind
[21abr.2025 18:01:49.683] [Server thread/WARN] [net.minecraft.server.MinecraftServer/]: Can't keep up! Is the server overloaded? Running 2140ms or 42 ticks behind
[21abr.2025 18:11:51.653] [Server thread/WARN] [net.minecraft.server.MinecraftServer/]: Can't keep up! Is the server overloaded? Running 2010ms or 40 ticks behind
[21abr.2025 18:16:53.667] [Server thread/WARN] [net.minecraft.server.MinecraftServer/]: Can't keep up! Is the server overloaded? Running 2025ms or 40 ticks behind
[21abr.2025 18:21:57.435] [Server thread/WARN] [net.minecraft.server.MinecraftServer/]: Can't keep up! Is the server overloaded? Running 3792ms or 75 ticks behind
[21abr.2025 18:31:58.351] [Server thread/WARN] [net.minecraft.server.MinecraftServer/]: Can't keep up! Is the server overloaded? Running 2053ms or 41 ticks behind
[21abr.2025 18:37:00.554] [Server thread/WARN] [net.minecraft.server.MinecraftServer/]: Can't keep up! Is the server overloaded? Running 2207ms or 44 ticks behind
[21abr.2025 18:42:02.581] [Server thread/WARN] [net.minecraft.server.MinecraftServer/]: Can't keep up! Is the server overloaded? Running 2033ms or 40 ticks behind
[21abr.2025 18:47:04.629] [Server thread/WARN] [net.minecraft.server.MinecraftServer/]: Can't keep up! Is the server overloaded? Running 2081ms or 41 ticks behind
[21abr.2025 18:52:06.686] [Server thread/WARN] [net.minecraft.server.MinecraftServer/]: Can't keep up! Is the server overloaded? Running 2088ms or 41 ticks behind
[21abr.2025 18:57:10.414] [Server thread/WARN] [net.minecraft.server.MinecraftServer/]: Can't keep up! Is the server overloaded? Running 3767ms or 75 ticks behind
[21abr.2025 19:02:12.565] [Server thread/WARN] [net.minecraft.server.MinecraftServer/]: Can't keep up! Is the server overloaded? Running 2168ms or 43 ticks behind
[21abr.2025 19:07:14.588] [Server thread/WARN] [net.minecraft.server.MinecraftServer/]: Can't keep up! Is the server overloaded? Running 2040ms or 40 ticks behind
[21abr.2025 19:12:16.636] [Server thread/WARN] [net.minecraft.server.MinecraftServer/]: Can't keep up! Is the server overloaded? Running 2089ms or 41 ticks behind
[21abr.2025 19:17:20.374] [Server thread/WARN] [net.minecraft.server.MinecraftServer/]: Can't keep up! Is the server overloaded? Running 3776ms or 75 ticks behind
[21abr.2025 19:22:22.521] [Server thread/WARN] [net.minecraft.server.MinecraftServer/]: Can't keep up! Is the server overloaded? Running 2173ms or 43 ticks behind
[21abr.2025 19:27:24.570] [Server thread/WARN] [net.minecraft.server.MinecraftServer/]: Can't keep up! Is the server overloaded? Running 2072ms or 41 ticks behind
[21abr.2025 19:32:26.576] [Server thread/WARN] [net.minecraft.server.MinecraftServer/]: Can't keep up! Is the server overloaded? Running 2029ms or 40 ticks behind
[21abr.2025 19:37:28.582] [Server thread/WARN] [net.minecraft.server.MinecraftServer/]: Can't keep up! Is the server overloaded? Running 2035ms or 40 ticks behind
[21abr.2025 19:42:30.596] [Server thread/WARN] [net.minecraft.server.MinecraftServer/]: Can't keep up! Is the server overloaded? Running 2048ms or 40 ticks behind
[21abr.2025 19:47:34.285] [Server thread/WARN] [net.minecraft.server.MinecraftServer/]: Can't keep up! Is the server overloaded? Running 3738ms or 74 ticks behind
[21abr.2025 19:52:36.382] [Server thread/WARN] [net.minecraft.server.MinecraftServer/]: Can't keep up! Is the server overloaded? Running 2135ms or 42 ticks behind
[21abr.2025 19:57:40.156] [Server thread/WARN] [net.minecraft.server.MinecraftServer/]: Can't keep up! Is the server overloaded? Running 3809ms or 76 ticks behind
[21abr.2025 20:02:42.187] [Server thread/WARN] [net.minecraft.server.MinecraftServer/]: Can't keep up! Is the server overloaded? Running 2040ms or 40 ticks behind
[21abr.2025 20:07:45.958] [Server thread/WARN] [net.minecraft.server.MinecraftServer/]: Can't keep up! Is the server overloaded? Running 3811ms or 76 ticks behind
[21abr.2025 20:12:49.759] [Server thread/WARN] [net.minecraft.server.MinecraftServer/]: Can't keep up! Is the server overloaded? Running 3812ms or 76 ticks behind
[21abr.2025 20:17:51.809] [Server thread/WARN] [net.minecraft.server.MinecraftServer/]: Can't keep up! Is the server overloaded? Running 2062ms or 41 ticks behind
[21abr.2025 20:23:33.689] [Server thread/ERROR] [FTB Ranks/]: Error getting permission value for node ftbessentials.rtp.custom_max!
[21abr.2025 20:23:33.697] [Server thread/ERROR] [FTB Ranks/]: Error getting permission value for node ftbessentials.rtp.custom_min_max!
[21abr.2025 20:23:33.716] [Server thread/INFO] [net.minecraft.server.MinecraftServer/]: /advancement (grant|revoke)
[21abr.2025 20:23:33.716] [Server thread/INFO] [net.minecraft.server.MinecraftServer/]: /attribute <target> <attribute> (get|base|modifier)
[21abr.2025 20:23:33.716] [Server thread/INFO] [net.minecraft.server.MinecraftServer/]: /execute (run|if|unless|as|at|store|positioned|rotated|facing|align|anchored|in|summon|on)
[21abr.2025 20:23:33.716] [Server thread/INFO] [net.minecraft.server.MinecraftServer/]: /bossbar (add|remove|list|set|get)
[21abr.2025 20:23:33.716] [Server thread/INFO] [net.minecraft.server.MinecraftServer/]: /clear [<targets>]
[21abr.2025 20:23:33.716] [Server thread/INFO] [net.minecraft.server.MinecraftServer/]: /clone (<begin>|from)
[21abr.2025 20:23:33.716] [Server thread/INFO] [net.minecraft.server.MinecraftServer/]: /damage <target> <amount> [<damageType>]
[21abr.2025 20:23:33.716] [Server thread/INFO] [net.minecraft.server.MinecraftServer/]: /data (merge|get|remove|modify)
[21abr.2025 20:23:33.716] [Server thread/INFO] [net.minecraft.server.MinecraftServer/]: /datapack (enable|disable|list)
[21abr.2025 20:23:33.718] [Server thread/INFO] [net.minecraft.server.MinecraftServer/]: /debug (start|stop|function|ai)
[21abr.2025 20:23:33.718] [Server thread/INFO] [net.minecraft.server.MinecraftServer/]: /defaultgamemode <gamemode>
[21abr.2025 20:23:33.718] [Server thread/INFO] [net.minecraft.server.MinecraftServer/]: /difficulty [peaceful|easy|normal|hard]
[21abr.2025 20:23:33.718] [Server thread/INFO] [net.minecraft.server.MinecraftServer/]: /effect (clear|give)
[21abr.2025 20:23:33.718] [Server thread/INFO] [net.minecraft.server.MinecraftServer/]: /me <action>
[21abr.2025 20:23:33.718] [Server thread/INFO] [net.minecraft.server.MinecraftServer/]: /enchant <targets> <enchantment> [<level>]
[21abr.2025 20:23:33.718] [Server thread/INFO] [net.minecraft.server.MinecraftServer/]: /experience (add|set|query)
[21abr.2025 20:23:33.718] [Server thread/INFO] [net.minecraft.server.MinecraftServer/]: /xp -> experience
[21abr.2025 20:23:33.718] [Server thread/INFO] [net.minecraft.server.MinecraftServer/]: /fill <from> <to> <block> [replace|keep|outline|hollow|destroy]
[21abr.2025 20:23:33.718] [Server thread/INFO] [net.minecraft.server.MinecraftServer/]: /fillbiome <from> <to> <biome> [replace]
[21abr.2025 20:23:33.718] [Server thread/INFO] [net.minecraft.server.MinecraftServer/]: /forceload (add|remove|query)
[21abr.2025 20:23:33.718] [Server thread/INFO] [net.minecraft.server.MinecraftServer/]: /function <name> [<arguments>|with]
[21abr.2025 20:23:33.718] [Server thread/INFO] [net.minecraft.server.MinecraftServer/]: /gamemode <gamemode> [<target>]
[21abr.2025 20:23:33.718] [Server thread/INFO] [net.minecraft.server.MinecraftServer/]: /gamerule (announceAdvancements|blockExplosionDropDecay|commandBlockOutput|commandModificationBlockLimit|compactmachines.allow_creative_oob|compactmachines.allow_spectator_oob|compactmachines.allow_survival_oob|compactmachines.damage_oob|compactmachines.damage_psd_on_exit|disableElytraMovementCheck|disableRaids|doDaylightCycle|doEntityDrops|doFireTick|doImmediateRespawn|doInsomnia|doLimitedCrafting|doMobLoot|doMobSpawning|doPatrolSpawning|doTileDrops|doTraderSpawning|doVinesSpread|doWardenSpawning|doWeatherCycle|drowningDamage|enderPearlsVanishOnDeath|fakeLavaSourceConversion|fakeWaterSourceConversion|fallDamage|fireDamage|forgiveDeadPlayers|freezeDamage|globalSoundEvents|keepInventory|lavaSourceConversion|logAdminCommands|maxCommandChainLength|maxCommandForkCount|maxEntityCramming|mobExplosionDropDecay|mobGriefing|naturalRegeneration|playersNetherPortalCreativeDelay|playersNetherPortalDefaultDelay|playersSleepingPercentage|projectilesCanBreakBlocks|randomTickSpeed|reducedDebugInfo|sendCommandFeedback|showDeathMessages|snowAccumulationHeight|spawnChunkRadius|spawnRadius|spectatorsGenerateChunks|tfEnforcedProgression|tntExplosionDropDecay|universalAnger|waterSourceConversion)
[21abr.2025 20:23:33.718] [Server thread/INFO] [net.minecraft.server.MinecraftServer/]: /give <targets> <item> [<count>]
[21abr.2025 20:23:33.718] [Server thread/INFO] [net.minecraft.server.MinecraftServer/]: /help [<command>]
[21abr.2025 20:23:33.718] [Server thread/INFO] [net.minecraft.server.MinecraftServer/]: /item (replace|modify)
[21abr.2025 20:23:33.718] [Server thread/INFO] [net.minecraft.server.MinecraftServer/]: /kick <targets> [<reason>]
[21abr.2025 20:23:33.720] [Server thread/INFO] [net.minecraft.server.MinecraftServer/]: /kill [<targets>]
[21abr.2025 20:23:33.720] [Server thread/INFO] [net.minecraft.server.MinecraftServer/]: /list [uuids]
[21abr.2025 20:23:33.720] [Server thread/INFO] [net.minecraft.server.MinecraftServer/]: /locate (structure|biome|poi)
[21abr.2025 20:23:33.720] [Server thread/INFO] [net.minecraft.server.MinecraftServer/]: /loot (replace|insert|give|spawn)
[21abr.2025 20:23:33.720] [Server thread/INFO] [net.minecraft.server.MinecraftServer/]: /msg <targets> <message>
[21abr.2025 20:23:33.720] [Server thread/INFO] [net.minecraft.server.MinecraftServer/]: /tell -> msg
[21abr.2025 20:23:33.720] [Server thread/INFO] [net.minecraft.server.MinecraftServer/]: /w -> msg
[21abr.2025 20:23:33.720] [Server thread/INFO] [net.minecraft.server.MinecraftServer/]: /particle <name> [<pos>]
[21abr.2025 20:23:33.720] [Server thread/INFO] [net.minecraft.server.MinecraftServer/]: /place (feature|jigsaw|structure|template)
[21abr.2025 20:23:33.720] [Server thread/INFO] [net.minecraft.server.MinecraftServer/]: /playsound <sound> [master|music|record|weather|block|hostile|neutral|player|ambient|voice]
[21abr.2025 20:23:33.720] [Server thread/INFO] [net.minecraft.server.MinecraftServer/]: /random (value|roll|reset)
[21abr.2025 20:23:33.720] [Server thread/INFO] [net.minecraft.server.MinecraftServer/]: /reload
[21abr.2025 20:23:33.720] [Server thread/INFO] [net.minecraft.server.MinecraftServer/]: /recipe (give|take)
[21abr.2025 20:23:33.720] [Server thread/INFO] [net.minecraft.server.MinecraftServer/]: /return (<value>|fail|run)
[21abr.2025 20:23:33.720] [Server thread/INFO] [net.minecraft.server.MinecraftServer/]: /ride <target> (mount|dismount)
[21abr.2025 20:23:33.720] [Server thread/INFO] [net.minecraft.server.MinecraftServer/]: /say <message>
[21abr.2025 20:23:33.720] [Server thread/INFO] [net.minecraft.server.MinecraftServer/]: /schedule (function|clear)
[21abr.2025 20:23:33.720] [Server thread/INFO] [net.minecraft.server.MinecraftServer/]: /scoreboard (objectives|players)
[21abr.2025 20:23:33.720] [Server thread/INFO] [net.minecraft.server.MinecraftServer/]: /seed
[21abr.2025 20:23:33.722] [Server thread/INFO] [net.minecraft.server.MinecraftServer/]: /setblock <pos> <block> [destroy|keep|replace]
[21abr.2025 20:23:33.722] [Server thread/INFO] [net.minecraft.server.MinecraftServer/]: /spawnpoint [<targets>]
[21abr.2025 20:23:33.722] [Server thread/INFO] [net.minecraft.server.MinecraftServer/]: /setworldspawn [<pos>]
[21abr.2025 20:23:33.722] [Server thread/INFO] [net.minecraft.server.MinecraftServer/]: /spectate [<target>]
[21abr.2025 20:23:33.722] [Server thread/INFO] [net.minecraft.server.MinecraftServer/]: /spreadplayers <center> <spreadDistance> <maxRange> (<respectTeams>|under)
[21abr.2025 20:23:33.722] [Server thread/INFO] [net.minecraft.server.MinecraftServer/]: /stopsound <targets> [*|master|music|record|weather|block|hostile|neutral|player|ambient|voice]
[21abr.2025 20:23:33.722] [Server thread/INFO] [net.minecraft.server.MinecraftServer/]: /summon <entity> [<pos>]
[21abr.2025 20:23:33.722] [Server thread/INFO] [net.minecraft.server.MinecraftServer/]: /tag <targets> (add|remove|list)
[21abr.2025 20:23:33.722] [Server thread/INFO] [net.minecraft.server.MinecraftServer/]: /team (list|add|remove|empty|join|leave|modify)
[21abr.2025 20:23:33.722] [Server thread/INFO] [net.minecraft.server.MinecraftServer/]: /teammsg <message>
[21abr.2025 20:23:33.723] [Server thread/INFO] [net.minecraft.server.MinecraftServer/]: /tm -> teammsg
[21abr.2025 20:23:33.723] [Server thread/INFO] [net.minecraft.server.MinecraftServer/]: /teleport (<location>|<destination>|<targets>)
[21abr.2025 20:23:33.723] [Server thread/INFO] [net.minecraft.server.MinecraftServer/]: /tp -> teleport
[21abr.2025 20:23:33.723] [Server thread/INFO] [net.minecraft.server.MinecraftServer/]: /tellraw <targets> <message>
[21abr.2025 20:23:33.723] [Server thread/INFO] [net.minecraft.server.MinecraftServer/]: /tick (query|rate|step|sprint|unfreeze|freeze)
[21abr.2025 20:23:33.723] [Server thread/INFO] [net.minecraft.server.MinecraftServer/]: /time (set|add|query)
[21abr.2025 20:23:33.723] [Server thread/INFO] [net.minecraft.server.MinecraftServer/]: /title <targets> (clear|reset|title|subtitle|actionbar|times)
[21abr.2025 20:23:33.723] [Server thread/INFO] [net.minecraft.server.MinecraftServer/]: /trigger <objective> [add|set]
[21abr.2025 20:23:33.723] [Server thread/INFO] [net.minecraft.server.MinecraftServer/]: /weather (clear|rain|thunder)
[21abr.2025 20:23:33.723] [Server thread/INFO] [net.minecraft.server.MinecraftServer/]: /worldborder (add|set|center|damage|get|warning)
[21abr.2025 20:23:33.723] [Server thread/INFO] [net.minecraft.server.MinecraftServer/]: /jfr (start|stop)
[21abr.2025 20:23:33.723] [Server thread/INFO] [net.minecraft.server.MinecraftServer/]: /ban-ip <target> [<reason>]
[21abr.2025 20:23:33.723] [Server thread/INFO] [net.minecraft.server.MinecraftServer/]: /banlist [ips|players]
[21abr.2025 20:23:33.723] [Server thread/INFO] [net.minecraft.server.MinecraftServer/]: /ban <targets> [<reason>]
[21abr.2025 20:23:33.723] [Server thread/INFO] [net.minecraft.server.MinecraftServer/]: /deop <targets>
[21abr.2025 20:23:33.723] [Server thread/INFO] [net.minecraft.server.MinecraftServer/]: /op <targets>
[21abr.2025 20:23:33.723] [Server thread/INFO] [net.minecraft.server.MinecraftServer/]: /pardon <targets>
[21abr.2025 20:23:33.723] [Server thread/INFO] [net.minecraft.server.MinecraftServer/]: /pardon-ip <target>
[21abr.2025 20:23:33.723] [Server thread/INFO] [net.minecraft.server.MinecraftServer/]: /perf (start|stop)
[21abr.2025 20:23:33.723] [Server thread/INFO] [net.minecraft.server.MinecraftServer/]: /save-all [flush]
[21abr.2025 20:23:33.723] [Server thread/INFO] [net.minecraft.server.MinecraftServer/]: /save-off
[21abr.2025 20:23:33.725] [Server thread/INFO] [net.minecraft.server.MinecraftServer/]: /save-on
[21abr.2025 20:23:33.725] [Server thread/INFO] [net.minecraft.server.MinecraftServer/]: /setidletimeout <minutes>
[21abr.2025 20:23:33.725] [Server thread/INFO] [net.minecraft.server.MinecraftServer/]: /stop
[21abr.2025 20:23:33.725] [Server thread/INFO] [net.minecraft.server.MinecraftServer/]: /transfer <hostname> [<port>]
[21abr.2025 20:23:33.725] [Server thread/INFO] [net.minecraft.server.MinecraftServer/]: /whitelist (on|off|list|add|remove|reload)
[21abr.2025 20:23:33.725] [Server thread/INFO] [net.minecraft.server.MinecraftServer/]: /observable [config|run|allow|deny|set|tp|reset]
[21abr.2025 20:23:33.725] [Server thread/INFO] [net.minecraft.server.MinecraftServer/]: /ftbultimine
[21abr.2025 20:23:33.725] [Server thread/INFO] [net.minecraft.server.MinecraftServer/]: /ftblibrary (gamemode|rain|day|night|nbtedit)
[21abr.2025 20:23:33.725] [Server thread/INFO] [net.minecraft.server.MinecraftServer/]: /ftbfiltersystem (parse|get_filter|set_filter|try_match|dump_components|cache)
[21abr.2025 20:23:33.725] [Server thread/INFO] [net.minecraft.server.MinecraftServer/]: /ftbteams (party|server|msg|info|list|force-disband)
[21abr.2025 20:23:33.725] [Server thread/INFO] [net.minecraft.server.MinecraftServer/]: /ftbchunks (claim|unclaim|load|unload|unclaim_all|unload_all|info|admin|block_color|waypoint)
[21abr.2025 20:23:33.725] [Server thread/INFO] [net.minecraft.server.MinecraftServer/]: /chunks -> ftbchunks
[21abr.2025 20:23:33.725] [Server thread/INFO] [net.minecraft.server.MinecraftServer/]: /octolib config reload (all|<path>)
[21abr.2025 20:23:33.725] [Server thread/INFO] [net.minecraft.server.MinecraftServer/]: /ftbranks (reload|refresh_readme|list_all_ranks|create|delete|add|remove|list_ranks_of|list_players_with|node|condition|show_rank)
[21abr.2025 20:23:33.725] [Server thread/INFO] [net.minecraft.server.MinecraftServer/]: /ftbquests (editing_mode|locked|delete_empty_reward_tables|change_progress|export_reward_table_to_chest|import_reward_table_from_chest|generate_chapter_with_all_items_in_game|reload|block_rewards|open_book|clear_item_display_cache)
[21abr.2025 20:23:33.725] [Server thread/INFO] [net.minecraft.server.MinecraftServer/]: /kit (create_from_player_inv|create_from_player_hotbar|create_from_block_inv|delete|list|show|give|put_in_block_inv|cooldown|reset_cooldown|set_autogrant)
[21abr.2025 20:23:33.725] [Server thread/INFO] [net.minecraft.server.MinecraftServer/]: /nicknamefor <player> [<nickname>]
[21abr.2025 20:23:33.725] [Server thread/INFO] [net.minecraft.server.MinecraftServer/]: /invsee <player>
[21abr.2025 20:23:33.725] [Server thread/INFO] [net.minecraft.server.MinecraftServer/]: /mute <player> [<until>]
[21abr.2025 20:23:33.725] [Server thread/INFO] [net.minecraft.server.MinecraftServer/]: /unmute <player>
[21abr.2025 20:23:33.725] [Server thread/INFO] [net.minecraft.server.MinecraftServer/]: /nickname [<nickname>]
[21abr.2025 20:23:33.727] [Server thread/INFO] [net.minecraft.server.MinecraftServer/]: /recording
[21abr.2025 20:23:33.727] [Server thread/INFO] [net.minecraft.server.MinecraftServer/]: /streaming
[21abr.2025 20:23:33.727] [Server thread/INFO] [net.minecraft.server.MinecraftServer/]: /heal [<target>]
[21abr.2025 20:23:33.727] [Server thread/INFO] [net.minecraft.server.MinecraftServer/]: /feed [<target>]
[21abr.2025 20:23:33.727] [Server thread/INFO] [net.minecraft.server.MinecraftServer/]: /extinguish [<target>]
[21abr.2025 20:23:33.727] [Server thread/INFO] [net.minecraft.server.MinecraftServer/]: /fly [<target>]
[21abr.2025 20:23:33.727] [Server thread/INFO] [net.minecraft.server.MinecraftServer/]: /god [<target>]
[21abr.2025 20:23:33.727] [Server thread/INFO] [net.minecraft.server.MinecraftServer/]: /speed [<boost_percent>]
[21abr.2025 20:23:33.727] [Server thread/INFO] [net.minecraft.server.MinecraftServer/]: /open (anvil|crafting|smithing|stonecutter)
[21abr.2025 20:23:33.727] [Server thread/INFO] [net.minecraft.server.MinecraftServer/]: /enderchest [<target>]
[21abr.2025 20:23:33.727] [Server thread/INFO] [net.minecraft.server.MinecraftServer/]: /kickme
[21abr.2025 20:23:33.727] [Server thread/INFO] [net.minecraft.server.MinecraftServer/]: /hat
[21abr.2025 20:23:33.727] [Server thread/INFO] [net.minecraft.server.MinecraftServer/]: /leaderboard (deaths|time_played|deaths_per_hour|player_kills|mob_kills|damage_dealt|jumps|distance_walked|time_since_death)
[21abr.2025 20:23:33.727] [Server thread/INFO] [net.minecraft.server.MinecraftServer/]: /near [<radius>|<player>]
[21abr.2025 20:23:33.727] [Server thread/INFO] [net.minecraft.server.MinecraftServer/]: /trashcan
[21abr.2025 20:23:33.727] [Server thread/INFO] [net.minecraft.server.MinecraftServer/]: /tp_offline (name|id)
[21abr.2025 20:23:33.727] [Server thread/INFO] [net.minecraft.server.MinecraftServer/]: /tpo -> tp_offline
[21abr.2025 20:23:33.727] [Server thread/INFO] [net.minecraft.server.MinecraftServer/]: /home [<name>]
[21abr.2025 20:23:33.727] [Server thread/INFO] [net.minecraft.server.MinecraftServer/]: /sethome [<name>]
[21abr.2025 20:23:33.727] [Server thread/INFO] [net.minecraft.server.MinecraftServer/]: /delhome [<name>]
[21abr.2025 20:23:33.729] [Server thread/INFO] [net.minecraft.server.MinecraftServer/]: /listhomes [<player>]
[21abr.2025 20:23:33.729] [Server thread/INFO] [net.minecraft.server.MinecraftServer/]: /warp <name>
[21abr.2025 20:23:33.729] [Server thread/INFO] [net.minecraft.server.MinecraftServer/]: /setwarp <name>
[21abr.2025 20:23:33.729] [Server thread/INFO] [net.minecraft.server.MinecraftServer/]: /delwarp <name>
[21abr.2025 20:23:33.729] [Server thread/INFO] [net.minecraft.server.MinecraftServer/]: /listwarps
[21abr.2025 20:23:33.729] [Server thread/INFO] [net.minecraft.server.MinecraftServer/]: /tpa <target>
[21abr.2025 20:23:33.729] [Server thread/INFO] [net.minecraft.server.MinecraftServer/]: /tpahere <target>
[21abr.2025 20:23:33.729] [Server thread/INFO] [net.minecraft.server.MinecraftServer/]: /tpaccept <id>
[21abr.2025 20:23:33.729] [Server thread/INFO] [net.minecraft.server.MinecraftServer/]: /tpdeny <id>
[21abr.2025 20:23:33.729] [Server thread/INFO] [net.minecraft.server.MinecraftServer/]: /back
[21abr.2025 20:23:33.729] [Server thread/INFO] [net.minecraft.server.MinecraftServer/]: /spawn
[21abr.2025 20:23:33.729] [Server thread/INFO] [net.minecraft.server.MinecraftServer/]: /rtp
[21abr.2025 20:23:33.729] [Server thread/INFO] [net.minecraft.server.MinecraftServer/]: /teleport_last <player>
[21abr.2025 20:23:33.729] [Server thread/INFO] [net.minecraft.server.MinecraftServer/]: /tpx <dimension>
[21abr.2025 20:23:33.729] [Server thread/INFO] [net.minecraft.server.MinecraftServer/]: /jump
[21abr.2025 20:23:33.729] [Server thread/INFO] [net.minecraft.server.MinecraftServer/]: /open_gateway (<pos>|<entity>)
[21abr.2025 20:23:33.729] [Server thread/INFO] [net.minecraft.server.MinecraftServer/]: /neoforge (tps|track|entity|generate|dimensions|mods|tags|dump|day|data_components)
[21abr.2025 20:23:33.729] [Server thread/INFO] [net.minecraft.server.MinecraftServer/]: /config showfile <mod> <type>
[21abr.2025 20:23:33.729] [Server thread/INFO] [net.minecraft.server.MinecraftServer/]: /evilcraftcompat (config|version)
[21abr.2025 20:23:33.729] [Server thread/INFO] [net.minecraft.server.MinecraftServer/]: /integratedterminals (config|version)
[21abr.2025 20:23:33.731] [Server thread/INFO] [net.minecraft.server.MinecraftServer/]: /integratedterminalscompat (config|version)
[21abr.2025 20:23:33.731] [Server thread/INFO] [net.minecraft.server.MinecraftServer/]: /evilcraft (config|version)
[21abr.2025 20:23:33.731] [Server thread/INFO] [net.minecraft.server.MinecraftServer/]: /integratedscripting (config|version|testscript)
[21abr.2025 20:23:33.731] [Server thread/INFO] [net.minecraft.server.MinecraftServer/]: /end_island reset [<forceNewPortalPos>]
[21abr.2025 20:23:33.731] [Server thread/INFO] [net.minecraft.server.MinecraftServer/]: /tbacceptteleport [<target>]
[21abr.2025 20:23:33.731] [Server thread/INFO] [net.minecraft.server.MinecraftServer/]: /tbgui
[21abr.2025 20:23:33.731] [Server thread/INFO] [net.minecraft.server.MinecraftServer/]: /tbknowledge [<player>]
[21abr.2025 20:23:33.731] [Server thread/INFO] [net.minecraft.server.MinecraftServer/]: /tbalignment [<player>]
[21abr.2025 20:23:33.731] [Server thread/INFO] [net.minecraft.server.MinecraftServer/]: /tbrecovery [save_all_players|save_player|load_player]
[21abr.2025 20:23:33.731] [Server thread/INFO] [net.minecraft.server.MinecraftServer/]: /tbrequestteleport [<target>]
[21abr.2025 20:23:33.731] [Server thread/INFO] [net.minecraft.server.MinecraftServer/]: /tbrestoreinventory [<player>]
[21abr.2025 20:23:33.731] [Server thread/INFO] [net.minecraft.server.MinecraftServer/]: /tbrevivefamiliar [<player>]
[21abr.2025 20:23:33.731] [Server thread/INFO] [net.minecraft.server.MinecraftServer/]: /tbshowlastgrave [<player>]
[21abr.2025 20:23:33.731] [Server thread/INFO] [net.minecraft.server.MinecraftServer/]: /tbsiege [start|stop]
[21abr.2025 20:23:33.731] [Server thread/INFO] [net.minecraft.server.MinecraftServer/]: /tbteleport [pos|player|grave|death|home|discovery|biome]
[21abr.2025 20:23:33.731] [Server thread/INFO] [net.minecraft.server.MinecraftServer/]: /sfm (bust_cable_network_cache|show_bad_cable_cache_entries)
[21abr.2025 20:23:33.731] [Server thread/INFO] [net.minecraft.server.MinecraftServer/]: /integratedcrafting (config|version)
[21abr.2025 20:23:33.731] [Server thread/INFO] [net.minecraft.server.MinecraftServer/]: /craftingtweaks debug
[21abr.2025 20:23:33.731] [Server thread/INFO] [net.minecraft.server.MinecraftServer/]: /balm (dev|export)
[21abr.2025 20:23:33.731] [Server thread/INFO] [net.minecraft.server.MinecraftServer/]: /compactmachines (tp|eject|rebind|unbind|rooms|give|spawn)
[21abr.2025 20:23:33.731] [Server thread/INFO] [net.minecraft.server.MinecraftServer/]: /livingthings (github|issue|wiki|discord|curseforge|modrinth)
[21abr.2025 20:23:33.731] [Server thread/INFO] [net.minecraft.server.MinecraftServer/]: /almostunified [strip]
[21abr.2025 20:23:33.731] [Server thread/INFO] [net.minecraft.server.MinecraftServer/]: /sc (bug|connect|convert|dump|help|owner)
[21abr.2025 20:23:33.731] [Server thread/INFO] [net.minecraft.server.MinecraftServer/]: /securitycraft (bug|connect|convert|dump|help|owner)
[21abr.2025 20:23:33.733] [Server thread/INFO] [net.minecraft.server.MinecraftServer/]: /placebo (serialize_loot_table|hand)
[21abr.2025 20:23:33.733] [Server thread/INFO] [net.minecraft.server.MinecraftServer/]: /lootr [barrel|trapped_chest|chest|shulker|clear|cart|custom|open_as|open_as_uuid|id|refresh|decay|openers|convert]
[21abr.2025 20:23:33.733] [Server thread/INFO] [net.minecraft.server.MinecraftServer/]: /modularmachineryreborn (log|reload)
[21abr.2025 20:23:33.733] [Server thread/INFO] [net.minecraft.server.MinecraftServer/]: /modularmachinery (log|reload)
[21abr.2025 20:23:33.733] [Server thread/INFO] [net.minecraft.server.MinecraftServer/]: /modular_machinery_reborn (log|reload)
[21abr.2025 20:23:33.733] [Server thread/INFO] [net.minecraft.server.MinecraftServer/]: /modular_machinery (log|reload)
[21abr.2025 20:23:33.733] [Server thread/INFO] [net.minecraft.server.MinecraftServer/]: /mmr (log|reload)
[21abr.2025 20:23:33.733] [Server thread/INFO] [net.minecraft.server.MinecraftServer/]: /mm (log|reload)
[21abr.2025 20:23:33.733] [Server thread/INFO] [net.minecraft.server.MinecraftServer/]: /configure_update <id> (list|inspect|accept|reject)
[21abr.2025 20:23:33.733] [Server thread/INFO] [net.minecraft.server.MinecraftServer/]: /apoth (add_bonus_modifier|set_rarity|loot_category|reforge|gem|set_sockets|spawn_boss|affix|set_world_tier|debug)
[21abr.2025 20:23:33.733] [Server thread/INFO] [net.minecraft.server.MinecraftServer/]: /tiab (addTime|removeTime)
[21abr.2025 20:23:33.733] [Server thread/INFO] [net.minecraft.server.MinecraftServer/]: /monolib (?|help|debug|hand)
[21abr.2025 20:23:33.733] [Server thread/INFO] [net.minecraft.server.MinecraftServer/]: /supplementaries (globe|registry|reload|configs|roll|cage|record|dimension|map)
[21abr.2025 20:23:33.733] [Server thread/INFO] [net.minecraft.server.MinecraftServer/]: /supp -> supplementaries
[21abr.2025 20:23:33.733] [Server thread/INFO] [net.minecraft.server.MinecraftServer/]: /hostilenetworks (generate_model_json|update_model_json|generate_all|datafix_all|give_model)
[21abr.2025 20:23:33.733] [Server thread/INFO] [net.minecraft.server.MinecraftServer/]: /structurize (scan|paste|pasteFolder|DO)
[21abr.2025 20:23:33.733] [Server thread/INFO] [net.minecraft.server.MinecraftServer/]: /sbp (list|give|removeNonPlayer)
[21abr.2025 20:23:33.733] [Server thread/INFO] [net.minecraft.server.MinecraftServer/]: /sophisticatedbackpacks -> sbp
[21abr.2025 20:23:33.733] [Server thread/INFO] [net.minecraft.server.MinecraftServer/]: /bumblezone_read_self_data (<data_to_check>|queens_desired_killed_entity_counter)
[21abr.2025 20:23:33.733] [Server thread/INFO] [net.minecraft.server.MinecraftServer/]: /bumblezone_modify_data <data_to_modify> <targets> <new_value>
[21abr.2025 20:23:33.733] [Server thread/INFO] [net.minecraft.server.MinecraftServer/]: /bumblezone_read_data (<data_to_modify>|queens_desired_killed_entity_counter)
[21abr.2025 20:23:33.733] [Server thread/INFO] [net.minecraft.server.MinecraftServer/]: /bumblezone_teleport <targets>
[21abr.2025 20:23:33.733] [Server thread/INFO] [net.minecraft.server.MinecraftServer/]: /bumblezone_tag_log_output <registry> <tag>
[21abr.2025 20:23:33.733] [Server thread/INFO] [net.minecraft.server.MinecraftServer/]: /fluxnetworks superadmin <targets> <enable>
[21abr.2025 20:23:33.733] [Server thread/INFO] [net.minecraft.server.MinecraftServer/]: /buildinggadgets2 redprints (list|remove|give)
[21abr.2025 20:23:33.735] [Server thread/INFO] [net.minecraft.server.MinecraftServer/]: /occultism debug ai
[21abr.2025 20:23:33.735] [Server thread/INFO] [net.minecraft.server.MinecraftServer/]: /xycraft (systems|stage|build)
[21abr.2025 20:23:33.735] [Server thread/INFO] [net.minecraft.server.MinecraftServer/]: /torchmaster [torchdump|entitydump|try_setup_siege]
[21abr.2025 20:23:33.735] [Server thread/INFO] [net.minecraft.server.MinecraftServer/]: /minecolonies (home|whereami|whoami|forceunloadchunks|raid-All|backup|resetsupplies|help|scan|prune-world-now|kill|colony|citizens)
[21abr.2025 20:23:33.735] [Server thread/INFO] [net.minecraft.server.MinecraftServer/]: /mc (trackPath|home|whereami|whoami|forceunloadchunks|raid-All|backup|resetsupplies|help|prune-world-now|kill|colony|citizens)
[21abr.2025 20:23:33.735] [Server thread/INFO] [net.minecraft.server.MinecraftServer/]: /curios (list|replace|set|add|remove|clear|drop|reset)
[21abr.2025 20:23:33.735] [Server thread/INFO] [net.minecraft.server.MinecraftServer/]: /ccl (count|killall|meminfo|gc|setup_dev_world)
[21abr.2025 20:23:33.735] [Server thread/INFO] [net.minecraft.server.MinecraftServer/]: /servercore (reload|settings|status)
[21abr.2025 20:23:33.735] [Server thread/INFO] [net.minecraft.server.MinecraftServer/]: /statistics [entities|block-entities]
[21abr.2025 20:23:33.735] [Server thread/INFO] [net.minecraft.server.MinecraftServer/]: /mobcaps
[21abr.2025 20:23:33.735] [Server thread/INFO] [net.minecraft.server.MinecraftServer/]: /createScroll <spell> <level>
[21abr.2025 20:23:33.735] [Server thread/INFO] [net.minecraft.server.MinecraftServer/]: /createSpellBook <slots> [randomize]
[21abr.2025 20:23:33.735] [Server thread/INFO] [net.minecraft.server.MinecraftServer/]: /createImbuedSword <item> <spell> <level>
[21abr.2025 20:23:33.735] [Server thread/INFO] [net.minecraft.server.MinecraftServer/]: /createDebugWizard <spell> <spellLevel> <targetsPlayer> <cancelAfterTicks>
[21abr.2025 20:23:33.735] [Server thread/INFO] [net.minecraft.server.MinecraftServer/]: /cast <casters> <spell> [<level>]
[21abr.2025 20:23:33.735] [Server thread/INFO] [net.minecraft.server.MinecraftServer/]: /mana (set|add|get)
[21abr.2025 20:23:33.735] [Server thread/INFO] [net.minecraft.server.MinecraftServer/]: /modlist
[21abr.2025 20:23:33.735] [Server thread/INFO] [net.minecraft.server.MinecraftServer/]: /learnSpell (forget|learn)
[21abr.2025 20:23:33.735] [Server thread/INFO] [net.minecraft.server.MinecraftServer/]: /clearCooldowns [all|player]
[21abr.2025 20:23:33.735] [Server thread/INFO] [net.minecraft.server.MinecraftServer/]: /clearRecasts (all|player)
[21abr.2025 20:23:33.735] [Server thread/INFO] [net.minecraft.server.MinecraftServer/]: /zerocore debug gui hoverFrame (enable|disable)
[21abr.2025 20:23:33.735] [Server thread/INFO] [net.minecraft.server.MinecraftServer/]: /zc -> zerocore
[21abr.2025 20:23:33.735] [Server thread/INFO] [net.minecraft.server.MinecraftServer/]: /ie (mineral|clearshaders)
[21abr.2025 20:23:33.735] [Server thread/INFO] [net.minecraft.server.MinecraftServer/]: /integrateddynamics (config|version|crash|networkdiagnostics|test)
[21abr.2025 20:23:33.735] [Server thread/INFO] [net.minecraft.server.MinecraftServer/]: /mek (chunk|debug|retrogen|radiation|testrules)
[21abr.2025 20:23:33.737] [Server thread/INFO] [net.minecraft.server.MinecraftServer/]: /cyclopscore (config|version|ignite|debug|reloadresources|dumpregistries|infobooktest)
[21abr.2025 20:23:33.737] [Server thread/INFO] [net.minecraft.server.MinecraftServer/]: /pocketstorage (list|recover|open)
[21abr.2025 20:23:33.737] [Server thread/INFO] [net.minecraft.server.MinecraftServer/]: /ps -> pocketstorage
[21abr.2025 20:23:33.737] [Server thread/INFO] [net.minecraft.server.MinecraftServer/]: /connectivity (packetsSummary|packetsAllPlayers|packetsPlayer|packetsClient|printpacket)
[21abr.2025 20:23:33.737] [Server thread/INFO] [net.minecraft.server.MinecraftServer/]: /sgear_grade set <grade>
[21abr.2025 20:23:33.737] [Server thread/INFO] [net.minecraft.server.MinecraftServer/]: /set_damage (<amount>|max)
[21abr.2025 20:23:33.737] [Server thread/INFO] [net.minecraft.server.MinecraftServer/]: /sgear_mats (list|dump)
[21abr.2025 20:23:33.737] [Server thread/INFO] [net.minecraft.server.MinecraftServer/]: /sgear_parts (list|dump)
[21abr.2025 20:23:33.737] [Server thread/INFO] [net.minecraft.server.MinecraftServer/]: /sgear_properties (info|recalculate)
[21abr.2025 20:23:33.737] [Server thread/INFO] [net.minecraft.server.MinecraftServer/]: /sgear_traits (describe|dump_md|list)
[21abr.2025 20:23:33.737] [Server thread/INFO] [net.minecraft.server.MinecraftServer/]: /sgear_random_gear <players> <item> [<tier>]
[21abr.2025 20:23:33.737] [Server thread/INFO] [net.minecraft.server.MinecraftServer/]: /er (reactants|moderators|reaction|coils)
[21abr.2025 20:23:33.737] [Server thread/INFO] [net.minecraft.server.MinecraftServer/]: /eternal_starlight (weather|crest)
[21abr.2025 20:23:33.737] [Server thread/INFO] [net.minecraft.server.MinecraftServer/]: /commoncapabilities (config|version)
[21abr.2025 20:23:33.737] [Server thread/INFO] [net.minecraft.server.MinecraftServer/]: /relics (maximize|minimize|level|experience|points|ability)
[21abr.2025 20:23:33.737] [Server thread/INFO] [net.minecraft.server.MinecraftServer/]: /crashutilities (tp|unstuck|memoryCheck|callItemClear|help|chunks|activity|e|entities|entity|blockentity|te|tileentities|tileentity|be|blockentities|i|inventory)
[21abr.2025 20:23:33.737] [Server thread/INFO] [net.minecraft.server.MinecraftServer/]: /cu -> crashutilities
[21abr.2025 20:23:33.737] [Server thread/INFO] [net.minecraft.server.MinecraftServer/]: /twilightforest [center|map_locator|conquer|genbook|info|biomepng|shield|sinister_spawner]
[21abr.2025 20:23:33.737] [Server thread/INFO] [net.minecraft.server.MinecraftServer/]: /tf -> twilightforest
[21abr.2025 20:23:33.737] [Server thread/INFO] [net.minecraft.server.MinecraftServer/]: /tffeature -> twilightforest
[21abr.2025 20:23:33.737] [Server thread/INFO] [net.minecraft.server.MinecraftServer/]: /integratedtunnels (config|version)
[21abr.2025 20:23:33.737] [Server thread/INFO] [net.minecraft.server.MinecraftServer/]: /integratedtunnelscompat (config|version)
[21abr.2025 20:23:33.737] [Server thread/INFO] [net.minecraft.server.MinecraftServer/]: /integrateddynamicscompat (config|version)
[21abr.2025 20:23:33.737] [Server thread/INFO] [net.minecraft.server.MinecraftServer/]: /ironsJewelry (learnPattern|createPatternItem)
[21abr.2025 20:23:33.737] [Server thread/INFO] [net.minecraft.server.MinecraftServer/]: /computercraft [dump|shutdown|turn-on|tp|queue|view|track|help]
[21abr.2025 20:23:33.737] [Server thread/INFO] [net.minecraft.server.MinecraftServer/]: /dimtablet (add|remove|removeAll|list)
[21abr.2025 20:23:33.739] [Server thread/INFO] [net.minecraft.server.MinecraftServer/]: /dimstorage -> dimtablet
[21abr.2025 20:23:33.739] [Server thread/INFO] [net.minecraft.server.MinecraftServer/]: /guideme (open|give)
[21abr.2025 20:23:33.739] [Server thread/INFO] [net.minecraft.server.MinecraftServer/]: /sl_tp <entity> <dimension> <pos>
[21abr.2025 20:23:33.739] [Server thread/INFO] [net.minecraft.server.MinecraftServer/]: /jade (show|hide)
[21abr.2025 20:23:33.739] [Server thread/INFO] [net.minecraft.server.MinecraftServer/]: /modonomicon (reset|save_progress|reload)
[21abr.2025 20:23:33.739] [Server thread/INFO] [net.minecraft.server.MinecraftServer/]: /foodlist (size|sync|clear)
[21abr.2025 20:23:33.739] [Server thread/INFO] [net.minecraft.server.MinecraftServer/]: /pncr (dump_components|global_var|amadrone_deliver|armor_upgrade)
[21abr.2025 20:23:33.739] [Server thread/INFO] [net.minecraft.server.MinecraftServer/]: /ars-reset [<targets>]
[21abr.2025 20:23:33.739] [Server thread/INFO] [net.minecraft.server.MinecraftServer/]: /ars-data dump augment-compatibility-csv
[21abr.2025 20:23:33.739] [Server thread/INFO] [net.minecraft.server.MinecraftServer/]: /ars-light (on|off)
[21abr.2025 20:23:33.739] [Server thread/INFO] [net.minecraft.server.MinecraftServer/]: /ars-tome <tome>
[21abr.2025 20:23:33.739] [Server thread/INFO] [net.minecraft.server.MinecraftServer/]: /ars-skull <player_name> <duration> <nbt> <dropBlock>
[21abr.2025 20:23:33.739] [Server thread/INFO] [net.minecraft.server.MinecraftServer/]: /ars-glyph [<targets>]
[21abr.2025 20:23:33.739] [Server thread/INFO] [net.minecraft.server.MinecraftServer/]: /ars-adopted (by-name|by-adopter)
[21abr.2025 20:23:33.739] [Server thread/INFO] [net.minecraft.server.MinecraftServer/]: /ars-dropless [simulate]
[21abr.2025 20:23:33.739] [Server thread/INFO] [net.minecraft.server.MinecraftServer/]: /maxmahou <player> <mana>
[21abr.2025 20:23:33.739] [Server thread/INFO] [net.minecraft.server.MinecraftServer/]: /mahoukodoku <player> <kodoku>
[21abr.2025 20:23:33.739] [Server thread/INFO] [net.minecraft.server.MinecraftServer/]: /showmahou
[21abr.2025 20:23:33.739] [Server thread/INFO] [net.minecraft.server.MinecraftServer/]: /mahoucancel
[21abr.2025 20:23:33.739] [Server thread/INFO] [net.minecraft.server.MinecraftServer/]: /mahouset (souls|morgan|caliburn|clarent|morgancap|caliburncap|rulebreakerd|rulebreakerm|rhongomyniad|rhongomyniadweight)
[21abr.2025 20:23:33.739] [Server thread/INFO] [net.minecraft.server.MinecraftServer/]: /mahousummon (treasury|wepproj|smite|rhongomyniad|morganball)
[21abr.2025 20:23:33.739] [Server thread/INFO] [net.minecraft.server.MinecraftServer/]: /addmahou <player> <mana> <overDrainHurts> <damagetype>
[21abr.2025 20:23:33.740] [Server thread/INFO] [net.minecraft.server.MinecraftServer/]: /getmahou <player>
[21abr.2025 20:23:33.740] [Server thread/INFO] [net.minecraft.server.MinecraftServer/]: /getmaxmahou <player>
[21abr.2025 20:23:33.740] [Server thread/INFO] [net.minecraft.server.MinecraftServer/]: /set_loot_tables <filter> <from> <to> <loot>
[21abr.2025 20:23:33.740] [Server thread/INFO] [net.minecraft.server.MinecraftServer/]: /ae2 (chunklogger|spatial|channelmode|tickmonitor|grids)
[21abr.2025 20:23:33.740] [Server thread/INFO] [net.minecraft.server.MinecraftServer/]: /kubejs (help|hand|offhand|inventory|hotbar|errors|reload|export|list-tag|dump|stages|generate-typings|packmode|persistent-data)
[21abr.2025 20:23:33.740] [Server thread/INFO] [net.minecraft.server.MinecraftServer/]: /kjs -> kubejs
[21abr.2025 20:23:33.740] [Server thread/INFO] [net.minecraft.server.MinecraftServer/]: /ei tesla_network (dump|dump_at)
[21abr.2025 20:23:33.740] [Server thread/INFO] [net.minecraft.server.MinecraftServer/]: /clearcosarmor [<targets>]
[21abr.2025 20:23:33.740] [Server thread/INFO] [net.minecraft.server.MinecraftServer/]: /coshat
[21abr.2025 20:23:33.740] [Server thread/INFO] [net.minecraft.server.MinecraftServer/]: /mysticalcustomization (tiers|types)
[21abr.2025 20:23:33.740] [Server thread/INFO] [net.minecraft.server.MinecraftServer/]: /polymorph conflicts
[21abr.2025 20:23:33.740] [Server thread/INFO] [net.minecraft.server.MinecraftServer/]: /open-patchouli-book <targets> <book> [<entry>]
[21abr.2025 20:23:33.740] [Server thread/INFO] [net.minecraft.server.MinecraftServer/]: /naaura (add|remove|reset)
[21abr.2025 20:23:33.740] [Server thread/INFO] [net.minecraft.server.MinecraftServer/]: /cucumber fillenergy (block|hand)
[21abr.2025 20:23:33.740] [Server thread/INFO] [net.minecraft.server.MinecraftServer/]: /waypoint (create|delete)
[21abr.2025 20:23:33.740] [Server thread/INFO] [net.minecraft.server.MinecraftServer/]: /wp -> waypoint
[21abr.2025 20:23:33.740] [Server thread/INFO] [net.minecraft.server.MinecraftServer/]: /almanac reload [<config>]
[21abr.2025 20:23:33.740] [Server thread/INFO] [net.minecraft.server.MinecraftServer/]: /letmedespawn (add|remove)
[21abr.2025 20:23:33.740] [Server thread/INFO] [net.minecraft.server.MinecraftServer/]: /bookshelf (hand|font|rename|enchant|translate|block_to_item_tag)
[21abr.2025 20:23:33.740] [Server thread/INFO] [net.minecraft.server.MinecraftServer/]: /spark [<args>]
[21abr.2025 20:23:33.740] [Server thread/INFO] [net.minecraft.server.MinecraftServer/]: /titanium-rewards <action> <reward> <option>
[21abr.2025 20:23:33.740] [Server thread/INFO] [net.minecraft.server.MinecraftServer/]: /titanium-rewards-grant <reward>
[21abr.2025 20:27:53.884] [Server thread/WARN] [net.minecraft.server.MinecraftServer/]: Can't keep up! Is the server overloaded? Running 2086ms or 41 ticks behind
[21abr.2025 20:32:57.596] [Server thread/WARN] [net.minecraft.server.MinecraftServer/]: Can't keep up! Is the server overloaded? Running 3748ms or 74 ticks behind
[21abr.2025 20:37:59.567] [Server thread/WARN] [net.minecraft.server.MinecraftServer/]: Can't keep up! Is the server overloaded? Running 2020ms or 40 ticks behind
[21abr.2025 20:43:01.594] [Server thread/WARN] [net.minecraft.server.MinecraftServer/]: Can't keep up! Is the server overloaded? Running 2047ms or 40 ticks behind
[21abr.2025 20:53:05.318] [Server thread/WARN] [net.minecraft.server.MinecraftServer/]: Can't keep up! Is the server overloaded? Running 3771ms or 75 ticks behind
[21abr.2025 20:58:07.446] [Server thread/WARN] [net.minecraft.server.MinecraftServer/]: Can't keep up! Is the server overloaded? Running 2149ms or 42 ticks behind
[21abr.2025 21:03:10.509] [Server thread/WARN] [net.minecraft.server.MinecraftServer/]: Can't keep up! Is the server overloaded? Running 3111ms or 62 ticks behind
[21abr.2025 21:08:14.243] [Server thread/WARN] [net.minecraft.server.MinecraftServer/]: Can't keep up! Is the server overloaded? Running 3745ms or 74 ticks behind
[21abr.2025 21:13:17.979] [Server thread/WARN] [net.minecraft.server.MinecraftServer/]: Can't keep up! Is the server overloaded? Running 3781ms or 75 ticks behind
[21abr.2025 21:18:19.842] [Server thread/WARN] [net.minecraft.server.MinecraftServer/]: Can't keep up! Is the server overloaded? Running 2186ms or 43 ticks behind
[21abr.2025 21:23:21.851] [Server thread/WARN] [net.minecraft.server.MinecraftServer/]: Can't keep up! Is the server overloaded? Running 2045ms or 40 ticks behind
[21abr.2025 21:23:37.160] [Server thread/INFO] [net.minecraft.server.MinecraftServer/]: Saving the game (this may take a moment!)
[21abr.2025 21:23:37.491] [Server thread/INFO] [net.minecraft.server.MinecraftServer/]: Saved the game
[21abr.2025 21:23:40.859] [Server thread/INFO] [net.minecraft.server.MinecraftServer/]: Unknown or incomplete command, see below for error
[21abr.2025 21:23:40.859] [Server thread/INFO] [net.minecraft.server.MinecraftServer/]: stop-server<--[HERE]
[21abr.2025 21:23:42.410] [Server thread/INFO] [net.minecraft.server.MinecraftServer/]: Stopping the server
[21abr.2025 21:23:42.724] [Server thread/INFO] [net.minecraft.server.MinecraftServer/]: Stopping server
[21abr.2025 21:23:42.727] [Server thread/INFO] [net.minecraft.server.MinecraftServer/]: Saving players
[21abr.2025 21:23:42.727] [Server thread/INFO] [net.minecraft.server.MinecraftServer/]: Saving worlds
[21abr.2025 21:23:42.785] [Server thread/INFO] [net.minecraft.server.MinecraftServer/]: Saving chunks for level 'ServerLevel[kinbofox]'/minecraft:overworld
[21abr.2025 21:23:44.136] [Server thread/INFO] [net.minecraft.server.MinecraftServer/]: Saving chunks for level 'ServerLevel[kinbofox]'/eternal_starlight:starlight
[21abr.2025 21:23:44.137] [Server thread/INFO] [net.minecraft.server.MinecraftServer/]: Saving chunks for level 'ServerLevel[kinbofox]'/minecraft:the_nether
[21abr.2025 21:23:44.137] [Server thread/INFO] [net.minecraft.server.MinecraftServer/]: Saving chunks for level 'ServerLevel[kinbofox]'/the_bumblezone:the_bumblezone
[21abr.2025 21:23:44.138] [Server thread/INFO] [net.minecraft.server.MinecraftServer/]: Saving chunks for level 'ServerLevel[kinbofox]'/undergarden:undergarden
[21abr.2025 21:23:44.138] [Server thread/INFO] [net.minecraft.server.MinecraftServer/]: Saving chunks for level 'ServerLevel[kinbofox]'/allthemodium:the_other
[21abr.2025 21:23:44.138] [Server thread/INFO] [net.minecraft.server.MinecraftServer/]: Saving chunks for level 'ServerLevel[kinbofox]'/allthemodium:mining
[21abr.2025 21:23:44.139] [Server thread/INFO] [net.minecraft.server.MinecraftServer/]: Saving chunks for level 'ServerLevel[kinbofox]'/mahoutsukai:reality_marble
[21abr.2025 21:23:44.139] [Server thread/INFO] [net.minecraft.server.MinecraftServer/]: Saving chunks for level 'ServerLevel[kinbofox]'/compactmachines:compact_world
[21abr.2025 21:23:44.281] [Server thread/INFO] [net.minecraft.server.MinecraftServer/]: Saving chunks for level 'ServerLevel[kinbofox]'/deeperdarker:otherside
[21abr.2025 21:23:44.282] [Server thread/INFO] [net.minecraft.server.MinecraftServer/]: Saving chunks for level 'ServerLevel[kinbofox]'/allthemodium:the_beyond
[21abr.2025 21:23:44.282] [Server thread/INFO] [net.minecraft.server.MinecraftServer/]: Saving chunks for level 'ServerLevel[kinbofox]'/twilightforest:twilight_forest
[21abr.2025 21:23:44.283] [Server thread/INFO] [net.minecraft.server.MinecraftServer/]: Saving chunks for level 'ServerLevel[kinbofox]'/minecraft:the_end
[21abr.2025 21:23:44.283] [Server thread/INFO] [net.minecraft.server.MinecraftServer/]: Saving chunks for level 'ServerLevel[kinbofox]'/ae2:spatial_storage
[21abr.2025 21:23:44.285] [Server thread/INFO] [net.minecraft.server.MinecraftServer/]: ThreadedAnvilChunkStorage (kinbofox): All chunks are saved
[21abr.2025 21:23:44.285] [Server thread/INFO] [net.minecraft.server.MinecraftServer/]: ThreadedAnvilChunkStorage (starlight): All chunks are saved
[21abr.2025 21:23:44.285] [Server thread/INFO] [net.minecraft.server.MinecraftServer/]: ThreadedAnvilChunkStorage (DIM-1): All chunks are saved
[21abr.2025 21:23:44.285] [Server thread/INFO] [net.minecraft.server.MinecraftServer/]: ThreadedAnvilChunkStorage (the_bumblezone): All chunks are saved
[21abr.2025 21:23:44.285] [Server thread/INFO] [net.minecraft.server.MinecraftServer/]: ThreadedAnvilChunkStorage (undergarden): All chunks are saved
[21abr.2025 21:23:44.285] [Server thread/INFO] [net.minecraft.server.MinecraftServer/]: ThreadedAnvilChunkStorage (the_other): All chunks are saved
[21abr.2025 21:23:44.285] [Server thread/INFO] [net.minecraft.server.MinecraftServer/]: ThreadedAnvilChunkStorage (mining): All chunks are saved
[21abr.2025 21:23:44.285] [Server thread/INFO] [net.minecraft.server.MinecraftServer/]: ThreadedAnvilChunkStorage (reality_marble): All chunks are saved
[21abr.2025 21:23:44.285] [Server thread/INFO] [net.minecraft.server.MinecraftServer/]: ThreadedAnvilChunkStorage (compact_world): All chunks are saved
[21abr.2025 21:23:44.285] [Server thread/INFO] [net.minecraft.server.MinecraftServer/]: ThreadedAnvilChunkStorage (otherside): All chunks are saved
[21abr.2025 21:23:44.285] [Server thread/INFO] [net.minecraft.server.MinecraftServer/]: ThreadedAnvilChunkStorage (the_beyond): All chunks are saved
[21abr.2025 21:23:44.285] [Server thread/INFO] [net.minecraft.server.MinecraftServer/]: ThreadedAnvilChunkStorage (twilight_forest): All chunks are saved
[21abr.2025 21:23:44.285] [Server thread/INFO] [net.minecraft.server.MinecraftServer/]: ThreadedAnvilChunkStorage (DIM1): All chunks are saved
[21abr.2025 21:23:44.285] [Server thread/INFO] [net.minecraft.server.MinecraftServer/]: ThreadedAnvilChunkStorage (spatial_storage): All chunks are saved
[21abr.2025 21:23:44.285] [Server thread/INFO] [net.minecraft.server.MinecraftServer/]: ThreadedAnvilChunkStorage: All dimensions are saved
[21abr.2025 21:23:48.758] [Server thread/INFO] [Framework/]: Unloading server configs...
[21abr.2025 21:23:48.764] [Server thread/INFO] [Framework/]: Sending config unload event for refurbished_furniture.server.toml
[21abr.2025 21:23:48.774] [Server thread/INFO] [Framework/]: Finished unloading server configs
[21abr.2025 21:23:49.324] [Server thread/INFO] [net.minecraft.server.rcon.thread.GenericThread/]: Thread Query Listener stopped
